[      71ms] [INFO] %cDownload the React DevTools for a better development experience: https://react.dev/link/react-devtools font-weight:bold @ http://localhost:3000/_next/static/chunks/0-0v_next_dist_117ixas._.js:2477
[      77ms] [LOG] [HMR] connected @ http://localhost:3000/_next/static/chunks/0-0v_next_dist_117ixas._.js:2477
[    1483ms] [VERBOSE] [DOM] Input elements should have autocomplete attributes (suggested: "current-password"): (More info: https://goo.gl/9p2vKq) %o @ http://localhost:3000/login:0
[    1492ms] [INFO] %cDownload the React DevTools for a better development experience: https://react.dev/link/react-devtools font-weight:bold @ http://localhost:3000/_next/static/chunks/0-0v_next_dist_117ixas._.js:2477
[    1498ms] [LOG] [HMR] connected @ http://localhost:3000/_next/static/chunks/0-0v_next_dist_117ixas._.js:2477
[    2941ms] [VERBOSE] [DOM] Input elements should have autocomplete attributes (suggested: "current-password"): (More info: https://goo.gl/9p2vKq) %o @ http://localhost:3000/login:0
[    2945ms] [INFO] %cDownload the React DevTools for a better development experience: https://react.dev/link/react-devtools font-weight:bold @ http://localhost:3000/_next/static/chunks/0-0v_next_dist_117ixas._.js:2477
[    2953ms] [LOG] [HMR] connected @ http://localhost:3000/_next/static/chunks/0-0v_next_dist_117ixas._.js:2477
[    4403ms] [INFO] %cDownload the React DevTools for a better development experience: https://react.dev/link/react-devtools font-weight:bold @ http://localhost:3000/_next/static/chunks/0-0v_next_dist_117ixas._.js:2477
[    4408ms] [VERBOSE] [DOM] Input elements should have autocomplete attributes (suggested: "current-password"): (More info: https://goo.gl/9p2vKq) %o @ http://localhost:3000/signup:0
[    4410ms] [LOG] [HMR] connected @ http://localhost:3000/_next/static/chunks/0-0v_next_dist_117ixas._.js:2477
[    5832ms] [VERBOSE] [DOM] Input elements should have autocomplete attributes (suggested: "current-password"): (More info: https://goo.gl/9p2vKq) %o @ http://localhost:3000/signup:0
[    5838ms] [INFO] %cDownload the React DevTools for a better development experience: https://react.dev/link/react-devtools font-weight:bold @ http://localhost:3000/_next/static/chunks/0-0v_next_dist_117ixas._.js:2477
[    5845ms] [LOG] [HMR] connected @ http://localhost:3000/_next/static/chunks/0-0v_next_dist_117ixas._.js:2477
[    7269ms] [VERBOSE] [DOM] Input elements should have autocomplete attributes (suggested: "current-password"): (More info: https://goo.gl/9p2vKq) %o @ http://localhost:3000/signup:0
[    7273ms] [INFO] %cDownload the React DevTools for a better development experience: https://react.dev/link/react-devtools font-weight:bold @ http://localhost:3000/_next/static/chunks/0-0v_next_dist_117ixas._.js:2477
[    7279ms] [LOG] [HMR] connected @ http://localhost:3000/_next/static/chunks/0-0v_next_dist_117ixas._.js:2477
[    8703ms] [VERBOSE] [DOM] Input elements should have autocomplete attributes (suggested: "current-password"): (More info: https://goo.gl/9p2vKq) %o @ http://localhost:3000/signup:0
[    8712ms] [INFO] %cDownload the React DevTools for a better development experience: https://react.dev/link/react-devtools font-weight:bold @ http://localhost:3000/_next/static/chunks/0-0v_next_dist_117ixas._.js:2477
[    8721ms] [LOG] [HMR] connected @ http://localhost:3000/_next/static/chunks/0-0v_next_dist_117ixas._.js:2477
[   10164ms] [VERBOSE] [DOM] Input elements should have autocomplete attributes (suggested: "current-password"): (More info: https://goo.gl/9p2vKq) %o @ http://localhost:3000/signup:0
[   10175ms] [INFO] %cDownload the React DevTools for a better development experience: https://react.dev/link/react-devtools font-weight:bold @ http://localhost:3000/_next/static/chunks/0-0v_next_dist_117ixas._.js:2477
[   10182ms] [LOG] [HMR] connected @ http://localhost:3000/_next/static/chunks/0-0v_next_dist_117ixas._.js:2477
[   11613ms] [VERBOSE] [DOM] Input elements should have autocomplete attributes (suggested: "current-password"): (More info: https://goo.gl/9p2vKq) %o @ http://localhost:3000/signup:0
[   11618ms] [INFO] %cDownload the React DevTools for a better development experience: https://react.dev/link/react-devtools font-weight:bold @ http://localhost:3000/_next/static/chunks/0-0v_next_dist_117ixas._.js:2477
[   11624ms] [LOG] [HMR] connected @ http://localhost:3000/_next/static/chunks/0-0v_next_dist_117ixas._.js:2477
[   31329ms] [VERBOSE] [DOM] Input elements should have autocomplete attributes (suggested: "current-password"): (More info: https://goo.gl/9p2vKq) %o @ http://localhost:3000/login:0
[   31353ms] [INFO] %cDownload the React DevTools for a better development experience: https://react.dev/link/react-devtools font-weight:bold @ http://localhost:3000/_next/static/chunks/0-0v_next_dist_117ixas._.js:2477
[   31361ms] [LOG] [HMR] connected @ http://localhost:3000/_next/static/chunks/0-0v_next_dist_117ixas._.js:2477
